MO readyPackets NULL readyPackets.v vlg00/ready_packets.bin 1355265717
MO transportSend NULL ../transportSend.v vlg43/transport_send.bin 1355265717
MO tranToNet NULL ../tranToNet.v vlg7F/tran_to_net.bin 1355265717
MO packetBuffer NULL ./packetBuffer.v vlg76/packet_buffer.bin 1355265717
MO combinedTransport NULL ../combinedTransport.v vlg6A/combined_transport.bin 1355265717
