MO transportRcv NULL ../transportRcv.v vlg78/transport_rcv.bin 1355124485
MO connectedSys NULL ../connectedSys.v vlg16/connected_sys.bin 1355124485
MO readyPackets NULL readyPackets.v vlg00/ready_packets.bin 1355124485
MO transportSend NULL ../transportSend.v vlg43/transport_send.bin 1355124485
MO session NULL ../Session.v vlg38/session.bin 1355124485
MO packetBuffer NULL ./packetBuffer.v vlg76/packet_buffer.bin 1355124485
